
> temp-ambira-web@0.1.0 test:smoke
> playwright test e2e/smoke


Running 48 tests using 7 workers

  ✓   3 [chromium] › e2e/smoke/auth.spec.ts:25:5 › Authentication Pages - Smoke Tests › Login Page › should display authentication elements (4.7s)
  ✓   4 [chromium] › e2e/smoke/auth.spec.ts:112:5 › Authentication Pages - Smoke Tests › Login Page › should have working keyboard navigation (4.8s)
  ✘   7 [chromium] › e2e/smoke/auth.spec.ts:39:5 › Authentication Pages - Smoke Tests › Login Page › should have proper page structure (4.8s)
  ✓   2 [chromium] › e2e/smoke/auth.spec.ts:12:5 › Authentication Pages - Smoke Tests › Login Page › should load authentication interface (5.4s)
Accessibility violations found:
 
[SERIOUS] color-contrast: Elements must meet minimum color contrast ratio thresholds
  Description: Ensure the contrast between foreground and background colors meets WCAG 2 AA minimum contrast ratio thresholds
  WCAG: wcag2aa, wcag143
  Affected elements (4):
    Target: .gap-3.flex.items-center > .py-2.rounded-md.whitespace-nowrap > span
    HTML: <span>Sign In</span>

    Target: .max-w-3xl > .inline-block.disabled\:opacity-50.disabled\:pointer-events-none
    HTML: <a class="inline-block px-8 py..." href="/auth">

    Target: .gap-4 > .inline-block.disabled\:opacity-50.disabled\:pointer-events-none
    HTML: <a class="inline-block px-8 py..." href="/auth">

    Target: .py-8 > p
    HTML: <p>© 2025 Ambira. Make productivity social.</p>
  Learn more: https://dequeuniversity.com/rules/axe/4.11/color-contrast?application=playwright

  ✘   5 [chromium] › e2e/smoke/auth.spec.ts:74:5 › Authentication Pages - Smoke Tests › Login Page › should pass accessibility audit (5.7s)
  ✓   8 [chromium] › e2e/smoke/auth.spec.ts:128:5 › Authentication Pages - Smoke Tests › Login Page › should handle form validation gracefully (9.8s)
  ✓  11 [chromium] › e2e/smoke/feed.spec.ts:20:3 › Feed Page - Smoke Tests › should display main navigation elements (9.1s)
  ✘  12 [chromium] › e2e/smoke/feed.spec.ts:29:3 › Feed Page - Smoke Tests › should have proper page structure (8.4s)
  ✓   6 [chromium] › e2e/smoke/auth.spec.ts:93:5 › Authentication Pages - Smoke Tests › Login Page › should be responsive on mobile viewport (15.1s)
  ✓  10 [chromium] › e2e/smoke/feed.spec.ts:10:3 › Feed Page - Smoke Tests › should load the feed page successfully (9.8s)
  ✓   1 [chromium] › e2e/smoke/auth.spec.ts:48:5 › Authentication Pages - Smoke Tests › Login Page › should not have console errors on load (15.1s)
Accessibility violations found:
 
[SERIOUS] color-contrast: Elements must meet minimum color contrast ratio thresholds
  Description: Ensure the contrast between foreground and background colors meets WCAG 2 AA minimum contrast ratio thresholds
  WCAG: wcag2aa, wcag143
  Affected elements (4):
    Target: .gap-3.flex.items-center > .py-2.rounded-md.whitespace-nowrap > span
    HTML: <span>Sign In</span>

    Target: .max-w-3xl > .inline-block.disabled\:opacity-50.disabled\:pointer-events-none
    HTML: <a class="inline-block px-8 py..." href="/auth">

    Target: .gap-4 > .inline-block.disabled\:opacity-50.disabled\:pointer-events-none
    HTML: <a class="inline-block px-8 py..." href="/auth">

    Target: .py-8 > p
    HTML: <p>© 2025 Ambira. Make productivity social.</p>
  Learn more: https://dequeuniversity.com/rules/axe/4.11/color-contrast?application=playwright

  ✘  13 [chromium] › e2e/smoke/feed.spec.ts:68:3 › Feed Page - Smoke Tests › should pass accessibility audit (2.7s)
  ✓  17 [chromium] › e2e/smoke/timer.spec.ts:20:3 › Timer Page - Smoke Tests › should display timer interface (7.5s)
  ✓  15 [chromium] › e2e/smoke/feed.spec.ts:109:3 › Feed Page - Smoke Tests › should have working keyboard navigation (8.5s)
  ✘   9 [chromium] › e2e/smoke/auth.spec.ts:175:5 › Authentication Pages - Smoke Tests › Protected Routes › should handle unauthenticated access appropriately (35.1s)
  ✘  14 [chromium] › e2e/smoke/feed.spec.ts:43:3 › Feed Page - Smoke Tests › should not have console errors (30.1s)
  ✘  18 [chromium] › e2e/smoke/timer.spec.ts:10:3 › Timer Page - Smoke Tests › should load the timer page successfully (30.1s)
  ✘  19 [chromium] › e2e/smoke/timer.spec.ts:34:3 › Timer Page - Smoke Tests › should have proper page structure (35.1s)
  ✘  16 [chromium] › e2e/smoke/feed.spec.ts:87:3 › Feed Page - Smoke Tests › should be responsive on mobile viewport (40.0s)
  ✘  20 [chromium] › e2e/smoke/timer.spec.ts:48:3 › Timer Page - Smoke Tests › should not have console errors (41.2s)
  ✘  21 [chromium] › e2e/smoke/timer.spec.ts:73:3 › Timer Page - Smoke Tests › should pass accessibility audit (41.2s)
  ✘  22 [chromium] › e2e/smoke/timer.spec.ts:92:3 › Timer Page - Smoke Tests › should be responsive on mobile viewport (35.3s)
  ✘  24 [chromium] › e2e/smoke/timer.spec.ts:130:3 › Timer Page - Smoke Tests › should display timer controls when authenticated (30.5s)
  ✘  23 [chromium] › e2e/smoke/timer.spec.ts:114:3 › Timer Page - Smoke Tests › should have working keyboard navigation (31.1s)
  ✘  25 [mobile-chrome] › e2e/smoke/auth.spec.ts:12:5 › Authentication Pages - Smoke Tests › Login Page › should load authentication interface (31.9s)
  ✘  26 [mobile-chrome] › e2e/smoke/auth.spec.ts:25:5 › Authentication Pages - Smoke Tests › Login Page › should display authentication elements (31.2s)
  ✘  27 [mobile-chrome] › e2e/smoke/auth.spec.ts:39:5 › Authentication Pages - Smoke Tests › Login Page › should have proper page structure (26.9s)
  ✘  28 [mobile-chrome] › e2e/smoke/auth.spec.ts:48:5 › Authentication Pages - Smoke Tests › Login Page › should not have console errors on load (35.2s)
  ✘  30 [mobile-chrome] › e2e/smoke/auth.spec.ts:74:5 › Authentication Pages - Smoke Tests › Login Page › should pass accessibility audit (31.0s)
  ✘  31 [mobile-chrome] › e2e/smoke/auth.spec.ts:93:5 › Authentication Pages - Smoke Tests › Login Page › should be responsive on mobile viewport (30.8s)
  ✘  29 [mobile-chrome] › e2e/smoke/auth.spec.ts:112:5 › Authentication Pages - Smoke Tests › Login Page › should have working keyboard navigation (30.7s)
  ✘  32 [mobile-chrome] › e2e/smoke/auth.spec.ts:128:5 › Authentication Pages - Smoke Tests › Login Page › should handle form validation gracefully (30.4s)
  ✘  33 [mobile-chrome] › e2e/smoke/auth.spec.ts:175:5 › Authentication Pages - Smoke Tests › Protected Routes › should handle unauthenticated access appropriately (31.3s)
  ✘  34 [mobile-chrome] › e2e/smoke/feed.spec.ts:10:3 › Feed Page - Smoke Tests › should load the feed page successfully (30.4s)
  ✘  35 [mobile-chrome] › e2e/smoke/feed.spec.ts:20:3 › Feed Page - Smoke Tests › should display main navigation elements (35.3s)
  ✘  36 [mobile-chrome] › e2e/smoke/feed.spec.ts:68:3 › Feed Page - Smoke Tests › should pass accessibility audit (30.8s)
  ✘  38 [mobile-chrome] › e2e/smoke/feed.spec.ts:43:3 › Feed Page - Smoke Tests › should not have console errors (36.6s)
  ✘  37 [mobile-chrome] › e2e/smoke/feed.spec.ts:29:3 › Feed Page - Smoke Tests › should have proper page structure (36.7s)
  ✘  39 [mobile-chrome] › e2e/smoke/feed.spec.ts:87:3 › Feed Page - Smoke Tests › should be responsive on mobile viewport (35.1s)
  ✘  40 [mobile-chrome] › e2e/smoke/feed.spec.ts:109:3 › Feed Page - Smoke Tests › should have working keyboard navigation (35.2s)
  ✘  41 [mobile-chrome] › e2e/smoke/timer.spec.ts:10:3 › Timer Page - Smoke Tests › should load the timer page successfully (35.3s)
  ✘  42 [mobile-chrome] › e2e/smoke/timer.spec.ts:20:3 › Timer Page - Smoke Tests › should display timer interface (35.2s)
  ✘  43 [mobile-chrome] › e2e/smoke/timer.spec.ts:34:3 › Timer Page - Smoke Tests › should have proper page structure (35.1s)
  ✘  44 [mobile-chrome] › e2e/smoke/timer.spec.ts:48:3 › Timer Page - Smoke Tests › should not have console errors (35.1s)
  ✘  45 [mobile-chrome] › e2e/smoke/timer.spec.ts:73:3 › Timer Page - Smoke Tests › should pass accessibility audit (35.1s)
  ✘  46 [mobile-chrome] › e2e/smoke/timer.spec.ts:92:3 › Timer Page - Smoke Tests › should be responsive on mobile viewport (35.2s)
  ✘  47 [mobile-chrome] › e2e/smoke/timer.spec.ts:114:3 › Timer Page - Smoke Tests › should have working keyboard navigation (35.1s)
  ✘  48 [mobile-chrome] › e2e/smoke/timer.spec.ts:130:3 › Timer Page - Smoke Tests › should display timer controls when authenticated (32.4s)


  1) [chromium] › e2e/smoke/auth.spec.ts:39:5 › Authentication Pages - Smoke Tests › Login Page › should have proper page structure 

    Error: [2mexpect([22m[31mreceived[39m[2m).[22mtoBeGreaterThan[2m([22m[32mexpected[39m[2m)[22m

    Expected: > [32m0[39m
    Received:   [31m0[39m

      43 |       const contentElements = page.locator('main, form, [role="main"], [role="form"]');
      44 |       const count = await contentElements.count();
    > 45 |       expect(count).toBeGreaterThan(0);
         |                     ^
      46 |     });
      47 |
      48 |     test('should not have console errors on load', async ({ page }) => {
        at /Users/hughgramelspacher/repos/ambira-main/ambira-web/e2e/smoke/auth.spec.ts:45:21

    attachment #1: screenshot (image/png) ──────────────────────────────────────────────────────────
    test-results/smoke-auth-Authentication--fe18e--have-proper-page-structure-chromium/test-failed-1.png
    ────────────────────────────────────────────────────────────────────────────────────────────────

    attachment #2: video (video/webm) ──────────────────────────────────────────────────────────────
    test-results/smoke-auth-Authentication--fe18e--have-proper-page-structure-chromium/video.webm
    ────────────────────────────────────────────────────────────────────────────────────────────────

    Error Context: test-results/smoke-auth-Authentication--fe18e--have-proper-page-structure-chromium/error-context.md

  2) [chromium] › e2e/smoke/auth.spec.ts:74:5 › Authentication Pages - Smoke Tests › Login Page › should pass accessibility audit 

    Error: [2mexpect([22m[31mreceived[39m[2m).[22mtoHaveLength[2m([22m[32mexpected[39m[2m)[22m

    Expected length: [32m0[39m
    Received length: [31m1[39m
    Received array:  [31m[{"description": "Ensure the contrast between foreground and background colors meets WCAG 2 AA minimum contrast ratio thresholds", "help": "Elements must meet minimum color contrast ratio thresholds", "helpUrl": "https://dequeuniversity.com/rules/axe/4.11/color-contrast?application=playwright", "id": "color-contrast", "impact": "serious", "nodes": [{"all": [], "any": [{"data": {"bgColor": "#007aff", "contrastRatio": 4.01, "expectedContrastRatio": "4.5:1", "fgColor": "#ffffff", "fontSize": "10.5pt (14px)", "fontWeight": "normal", "messageKey": null}, "id": "color-contrast", "impact": "serious", "message": "Element has insufficient color contrast of 4.01 (foreground color: #ffffff, background color: #007aff, font size: 10.5pt (14px), font weight: normal). Expected contrast ratio of 4.5:1", "relatedNodes": [{"html": "<a class=\"flex items-center ga...\" href=\"/auth\">", "target": [".gap-3.flex.items-center > .py-2.rounded-md.whitespace-nowrap"]}]}], "failureSummary": "Fix any of the following:[39m
    [31m  Element has insufficient color contrast of 4.01 (foreground color: #ffffff, background color: #007aff, font size: 10.5pt (14px), font weight: normal). Expected contrast ratio of 4.5:1", "html": "<span>Sign In</span>", "impact": "serious", "none": [], "target": [".gap-3.flex.items-center > .py-2.rounded-md.whitespace-nowrap > span"]}, {"all": [], "any": [{"data": {"bgColor": "#007aff", "contrastRatio": 4.01, "expectedContrastRatio": "4.5:1", "fgColor": "#ffffff", "fontSize": "13.5pt (18px)", "fontWeight": "normal", "messageKey": null}, "id": "color-contrast", "impact": "serious", "message": "Element has insufficient color contrast of 4.01 (foreground color: #ffffff, background color: #007aff, font size: 13.5pt (18px), font weight: normal). Expected contrast ratio of 4.5:1", "relatedNodes": [{"html": "<a class=\"inline-block px-8 py...\" href=\"/auth\">", "target": [".max-w-3xl > .inline-block.disabled\\:opacity-50.disabled\\:pointer-events-none"]}]}], "failureSummary": "Fix any of the following:[39m
    [31m  Element has insufficient color contrast of 4.01 (foreground color: #ffffff, background color: #007aff, font size: 13.5pt (18px), font weight: normal). Expected contrast ratio of 4.5:1", "html": "<a class=\"inline-block px-8 py...\" href=\"/auth\">", "impact": "serious", "none": [], "target": [".max-w-3xl > .inline-block.disabled\\:opacity-50.disabled\\:pointer-events-none"]}, {"all": [], "any": [{"data": {"bgColor": "#007aff", "contrastRatio": 4.01, "expectedContrastRatio": "4.5:1", "fgColor": "#ffffff", "fontSize": "13.5pt (18px)", "fontWeight": "normal", "messageKey": null}, "id": "color-contrast", "impact": "serious", "message": "Element has insufficient color contrast of 4.01 (foreground color: #ffffff, background color: #007aff, font size: 13.5pt (18px), font weight: normal). Expected contrast ratio of 4.5:1", "relatedNodes": [{"html": "<a class=\"inline-block px-8 py...\" href=\"/auth\">", "target": [".gap-4 > .inline-block.disabled\\:opacity-50.disabled\\:pointer-events-none"]}]}], "failureSummary": "Fix any of the following:[39m
    [31m  Element has insufficient color contrast of 4.01 (foreground color: #ffffff, background color: #007aff, font size: 13.5pt (18px), font weight: normal). Expected contrast ratio of 4.5:1", "html": "<a class=\"inline-block px-8 py...\" href=\"/auth\">", "impact": "serious", "none": [], "target": [".gap-4 > .inline-block.disabled\\:opacity-50.disabled\\:pointer-events-none"]}, {"all": [], "any": [{"data": {"bgColor": "#ffffff", "contrastRatio": 2.53, "expectedContrastRatio": "4.5:1", "fgColor": "#9ca3af", "fontSize": "12.0pt (16px)", "fontWeight": "normal", "messageKey": null}, "id": "color-contrast", "impact": "serious", "message": "Element has insufficient color contrast of 2.53 (foreground color: #9ca3af, background color: #ffffff, font size: 12.0pt (16px), font weight: normal). Expected contrast ratio of 4.5:1", "relatedNodes": [{"html": "<div class=\"min-h-screen bg-white\">", "target": [".min-h-screen"]}]}], "failureSummary": "Fix any of the following:[39m
    [31m  Element has insufficient color contrast of 2.53 (foreground color: #9ca3af, background color: #ffffff, font size: 12.0pt (16px), font weight: normal). Expected contrast ratio of 4.5:1", "html": "<p>© 2025 Ambira. Make productivity social.</p>", "impact": "serious", "none": [], "target": [".py-8 > p"]}], "tags": ["cat.color", "wcag2aa", "wcag143", "TTv5", "TT13.c", "EN-301-549", "EN-9.1.4.3", "ACT", "RGAAv4", "RGAA-3.2.1"]}][39m

      88 |
      89 |       // Expect no violations
    > 90 |       expect(violations).toHaveLength(0);
         |                          ^
      91 |     });
      92 |
      93 |     test('should be responsive on mobile viewport', async ({ page }) => {
        at /Users/hughgramelspacher/repos/ambira-main/ambira-web/e2e/smoke/auth.spec.ts:90:26

    attachment #1: screenshot (image/png) ──────────────────────────────────────────────────────────
    test-results/smoke-auth-Authentication--8a740-ld-pass-accessibility-audit-chromium/test-failed-1.png
    ────────────────────────────────────────────────────────────────────────────────────────────────

    attachment #2: video (video/webm) ──────────────────────────────────────────────────────────────
    test-results/smoke-auth-Authentication--8a740-ld-pass-accessibility-audit-chromium/video-1.webm
    ────────────────────────────────────────────────────────────────────────────────────────────────

    attachment #3: video (video/webm) ──────────────────────────────────────────────────────────────
    test-results/smoke-auth-Authentication--8a740-ld-pass-accessibility-audit-chromium/video.webm
    ────────────────────────────────────────────────────────────────────────────────────────────────

    Error Context: test-results/smoke-auth-Authentication--8a740-ld-pass-accessibility-audit-chromium/error-context.md

  3) [chromium] › e2e/smoke/auth.spec.ts:175:5 › Authentication Pages - Smoke Tests › Protected Routes › should handle unauthenticated access appropriately 

    [31mTest timeout of 30000ms exceeded.[39m

    Error: page.goto: Test timeout of 30000ms exceeded.
    Call log:
    [2m  - navigating to "http://localhost:3000/profile", waiting until "load"[22m


      178 |
      179 |       for (const route of protectedRoutes) {
    > 180 |         await page.goto(route);
          |                    ^
      181 |         await page.waitForLoadState('networkidle');
      182 |
      183 |         // The page should either:
        at /Users/hughgramelspacher/repos/ambira-main/ambira-web/e2e/smoke/auth.spec.ts:180:20

    attachment #1: video (video/webm) ──────────────────────────────────────────────────────────────
    test-results/smoke-auth-Authentication--b93d4-icated-access-appropriately-chromium/video.webm
    ────────────────────────────────────────────────────────────────────────────────────────────────

  4) [chromium] › e2e/smoke/feed.spec.ts:29:3 › Feed Page - Smoke Tests › should have proper page structure 

    Error: [2mexpect([22m[31mreceived[39m[2m).[22mtoBeGreaterThanOrEqual[2m([22m[32mexpected[39m[2m)[22m

    Expected: >= [32m1[39m
    Received:    [31m0[39m

      33 |     const mainContent = page.locator('main, [role="main"]');
      34 |     const mainCount = await mainContent.count();
    > 35 |     expect(mainCount).toBeGreaterThanOrEqual(1);
         |                       ^
      36 |
      37 |     // Verify main content is visible
      38 |     if (mainCount > 0) {
        at /Users/hughgramelspacher/repos/ambira-main/ambira-web/e2e/smoke/feed.spec.ts:35:23

    attachment #1: screenshot (image/png) ──────────────────────────────────────────────────────────
    test-results/smoke-feed-Feed-Page---Smo-f1d2c--have-proper-page-structure-chromium/test-failed-1.png
    ────────────────────────────────────────────────────────────────────────────────────────────────

    attachment #2: video (video/webm) ──────────────────────────────────────────────────────────────
    test-results/smoke-feed-Feed-Page---Smo-f1d2c--have-proper-page-structure-chromium/video.webm
    ────────────────────────────────────────────────────────────────────────────────────────────────

    Error Context: test-results/smoke-feed-Feed-Page---Smo-f1d2c--have-proper-page-structure-chromium/error-context.md

  5) [chromium] › e2e/smoke/feed.spec.ts:43:3 › Feed Page - Smoke Tests › should not have console errors 

    [31mTest timeout of 30000ms exceeded.[39m

    Error: page.waitForLoadState: Test timeout of 30000ms exceeded.

      53 |     // Load the page
      54 |     await page.goto('/');
    > 55 |     await page.waitForLoadState('networkidle');
         |                ^
      56 |
      57 |     // Filter out known/expected errors (e.g., Firebase emulator warnings)
      58 |     const criticalErrors = errors.filter(
        at /Users/hughgramelspacher/repos/ambira-main/ambira-web/e2e/smoke/feed.spec.ts:55:16

    attachment #1: screenshot (image/png) ──────────────────────────────────────────────────────────
    test-results/smoke-feed-Feed-Page---Smo-fea02-uld-not-have-console-errors-chromium/test-failed-1.png
    ────────────────────────────────────────────────────────────────────────────────────────────────

    attachment #2: video (video/webm) ──────────────────────────────────────────────────────────────
    test-results/smoke-feed-Feed-Page---Smo-fea02-uld-not-have-console-errors-chromium/video.webm
    ────────────────────────────────────────────────────────────────────────────────────────────────

    Error Context: test-results/smoke-feed-Feed-Page---Smo-fea02-uld-not-have-console-errors-chromium/error-context.md

  6) [chromium] › e2e/smoke/feed.spec.ts:68:3 › Feed Page - Smoke Tests › should pass accessibility audit 

    Error: [2mexpect([22m[31mreceived[39m[2m).[22mtoHaveLength[2m([22m[32mexpected[39m[2m)[22m

    Expected length: [32m0[39m
    Received length: [31m1[39m
    Received array:  [31m[{"description": "Ensure the contrast between foreground and background colors meets WCAG 2 AA minimum contrast ratio thresholds", "help": "Elements must meet minimum color contrast ratio thresholds", "helpUrl": "https://dequeuniversity.com/rules/axe/4.11/color-contrast?application=playwright", "id": "color-contrast", "impact": "serious", "nodes": [{"all": [], "any": [{"data": {"bgColor": "#007aff", "contrastRatio": 4.01, "expectedContrastRatio": "4.5:1", "fgColor": "#ffffff", "fontSize": "10.5pt (14px)", "fontWeight": "normal", "messageKey": null}, "id": "color-contrast", "impact": "serious", "message": "Element has insufficient color contrast of 4.01 (foreground color: #ffffff, background color: #007aff, font size: 10.5pt (14px), font weight: normal). Expected contrast ratio of 4.5:1", "relatedNodes": [{"html": "<a class=\"flex items-center ga...\" href=\"/auth\">", "target": [".gap-3.flex.items-center > .py-2.rounded-md.whitespace-nowrap"]}]}], "failureSummary": "Fix any of the following:[39m
    [31m  Element has insufficient color contrast of 4.01 (foreground color: #ffffff, background color: #007aff, font size: 10.5pt (14px), font weight: normal). Expected contrast ratio of 4.5:1", "html": "<span>Sign In</span>", "impact": "serious", "none": [], "target": [".gap-3.flex.items-center > .py-2.rounded-md.whitespace-nowrap > span"]}, {"all": [], "any": [{"data": {"bgColor": "#007aff", "contrastRatio": 4.01, "expectedContrastRatio": "4.5:1", "fgColor": "#ffffff", "fontSize": "13.5pt (18px)", "fontWeight": "normal", "messageKey": null}, "id": "color-contrast", "impact": "serious", "message": "Element has insufficient color contrast of 4.01 (foreground color: #ffffff, background color: #007aff, font size: 13.5pt (18px), font weight: normal). Expected contrast ratio of 4.5:1", "relatedNodes": [{"html": "<a class=\"inline-block px-8 py...\" href=\"/auth\">", "target": [".max-w-3xl > .inline-block.disabled\\:opacity-50.disabled\\:pointer-events-none"]}]}], "failureSummary": "Fix any of the following:[39m
    [31m  Element has insufficient color contrast of 4.01 (foreground color: #ffffff, background color: #007aff, font size: 13.5pt (18px), font weight: normal). Expected contrast ratio of 4.5:1", "html": "<a class=\"inline-block px-8 py...\" href=\"/auth\">", "impact": "serious", "none": [], "target": [".max-w-3xl > .inline-block.disabled\\:opacity-50.disabled\\:pointer-events-none"]}, {"all": [], "any": [{"data": {"bgColor": "#007aff", "contrastRatio": 4.01, "expectedContrastRatio": "4.5:1", "fgColor": "#ffffff", "fontSize": "13.5pt (18px)", "fontWeight": "normal", "messageKey": null}, "id": "color-contrast", "impact": "serious", "message": "Element has insufficient color contrast of 4.01 (foreground color: #ffffff, background color: #007aff, font size: 13.5pt (18px), font weight: normal). Expected contrast ratio of 4.5:1", "relatedNodes": [{"html": "<a class=\"inline-block px-8 py...\" href=\"/auth\">", "target": [".gap-4 > .inline-block.disabled\\:opacity-50.disabled\\:pointer-events-none"]}]}], "failureSummary": "Fix any of the following:[39m
    [31m  Element has insufficient color contrast of 4.01 (foreground color: #ffffff, background color: #007aff, font size: 13.5pt (18px), font weight: normal). Expected contrast ratio of 4.5:1", "html": "<a class=\"inline-block px-8 py...\" href=\"/auth\">", "impact": "serious", "none": [], "target": [".gap-4 > .inline-block.disabled\\:opacity-50.disabled\\:pointer-events-none"]}, {"all": [], "any": [{"data": {"bgColor": "#ffffff", "contrastRatio": 2.53, "expectedContrastRatio": "4.5:1", "fgColor": "#9ca3af", "fontSize": "12.0pt (16px)", "fontWeight": "normal", "messageKey": null}, "id": "color-contrast", "impact": "serious", "message": "Element has insufficient color contrast of 2.53 (foreground color: #9ca3af, background color: #ffffff, font size: 12.0pt (16px), font weight: normal). Expected contrast ratio of 4.5:1", "relatedNodes": [{"html": "<div class=\"min-h-screen bg-white\">", "target": [".min-h-screen"]}]}], "failureSummary": "Fix any of the following:[39m
    [31m  Element has insufficient color contrast of 2.53 (foreground color: #9ca3af, background color: #ffffff, font size: 12.0pt (16px), font weight: normal). Expected contrast ratio of 4.5:1", "html": "<p>© 2025 Ambira. Make productivity social.</p>", "impact": "serious", "none": [], "target": [".py-8 > p"]}], "tags": ["cat.color", "wcag2aa", "wcag143", "TTv5", "TT13.c", "EN-301-549", "EN-9.1.4.3", "ACT", "RGAAv4", "RGAA-3.2.1"]}][39m

      82 |
      83 |     // Expect no violations
    > 84 |     expect(violations).toHaveLength(0);
         |                        ^
      85 |   });
      86 |
      87 |   test('should be responsive on mobile viewport', async ({ page }) => {
        at /Users/hughgramelspacher/repos/ambira-main/ambira-web/e2e/smoke/feed.spec.ts:84:24

    attachment #1: screenshot (image/png) ──────────────────────────────────────────────────────────
    test-results/smoke-feed-Feed-Page---Smo-6a3e2-ld-pass-accessibility-audit-chromium/test-failed-1.png
    ────────────────────────────────────────────────────────────────────────────────────────────────

    attachment #2: video (video/webm) ──────────────────────────────────────────────────────────────
    test-results/smoke-feed-Feed-Page---Smo-6a3e2-ld-pass-accessibility-audit-chromium/video-1.webm
    ────────────────────────────────────────────────────────────────────────────────────────────────

    attachment #3: video (video/webm) ──────────────────────────────────────────────────────────────
    test-results/smoke-feed-Feed-Page---Smo-6a3e2-ld-pass-accessibility-audit-chromium/video.webm
    ────────────────────────────────────────────────────────────────────────────────────────────────

    Error Context: test-results/smoke-feed-Feed-Page---Smo-6a3e2-ld-pass-accessibility-audit-chromium/error-context.md

  7) [chromium] › e2e/smoke/feed.spec.ts:87:3 › Feed Page - Smoke Tests › should be responsive on mobile viewport 

    [31mTest timeout of 30000ms exceeded while running "beforeEach" hook.[39m

      3 |
      4 | test.describe('Feed Page - Smoke Tests', () => {
    > 5 |   test.beforeEach(async ({ page }) => {
        |        ^
      6 |     // Navigate to the feed page
      7 |     await page.goto('/');
      8 |   });
        at /Users/hughgramelspacher/repos/ambira-main/ambira-web/e2e/smoke/feed.spec.ts:5:8

    Error: page.goto: Test timeout of 30000ms exceeded.
    Call log:
    [2m  - navigating to "http://localhost:3000/", waiting until "load"[22m


       5 |   test.beforeEach(async ({ page }) => {
       6 |     // Navigate to the feed page
    >  7 |     await page.goto('/');
         |                ^
       8 |   });
       9 |
      10 |   test('should load the feed page successfully', async ({ page }) => {
        at /Users/hughgramelspacher/repos/ambira-main/ambira-web/e2e/smoke/feed.spec.ts:7:16

    attachment #1: video (video/webm) ──────────────────────────────────────────────────────────────
    test-results/smoke-feed-Feed-Page---Smo-a6531-sponsive-on-mobile-viewport-chromium/video.webm
    ────────────────────────────────────────────────────────────────────────────────────────────────

  8) [chromium] › e2e/smoke/timer.spec.ts:10:3 › Timer Page - Smoke Tests › should load the timer page successfully 

    [31mTest timeout of 30000ms exceeded.[39m

    Error: page.waitForLoadState: Test timeout of 30000ms exceeded.

      10 |   test('should load the timer page successfully', async ({ page }) => {
      11 |     // Wait for the page to be fully loaded
    > 12 |     await page.waitForLoadState('networkidle');
         |                ^
      13 |
      14 |     // Check that the page title is set
      15 |     const title = await page.title();
        at /Users/hughgramelspacher/repos/ambira-main/ambira-web/e2e/smoke/timer.spec.ts:12:16

    attachment #1: screenshot (image/png) ──────────────────────────────────────────────────────────
    test-results/smoke-timer-Timer-Page---S-92aae-the-timer-page-successfully-chromium/test-failed-1.png
    ────────────────────────────────────────────────────────────────────────────────────────────────

    attachment #2: video (video/webm) ──────────────────────────────────────────────────────────────
    test-results/smoke-timer-Timer-Page---S-92aae-the-timer-page-successfully-chromium/video.webm
    ────────────────────────────────────────────────────────────────────────────────────────────────

    Error Context: test-results/smoke-timer-Timer-Page---S-92aae-the-timer-page-successfully-chromium/error-context.md

  9) [chromium] › e2e/smoke/timer.spec.ts:34:3 › Timer Page - Smoke Tests › should have proper page structure 

    [31mTest timeout of 30000ms exceeded while running "beforeEach" hook.[39m

      3 |
      4 | test.describe('Timer Page - Smoke Tests', () => {
    > 5 |   test.beforeEach(async ({ page }) => {
        |        ^
      6 |     // Navigate to the timer page
      7 |     await page.goto('/timer');
      8 |   });
        at /Users/hughgramelspacher/repos/ambira-main/ambira-web/e2e/smoke/timer.spec.ts:5:8

    Error: page.goto: Test timeout of 30000ms exceeded.
    Call log:
    [2m  - navigating to "http://localhost:3000/timer", waiting until "load"[22m


       5 |   test.beforeEach(async ({ page }) => {
       6 |     // Navigate to the timer page
    >  7 |     await page.goto('/timer');
         |                ^
       8 |   });
       9 |
      10 |   test('should load the timer page successfully', async ({ page }) => {
        at /Users/hughgramelspacher/repos/ambira-main/ambira-web/e2e/smoke/timer.spec.ts:7:16

    attachment #1: video (video/webm) ──────────────────────────────────────────────────────────────
    test-results/smoke-timer-Timer-Page---S-c5c29--have-proper-page-structure-chromium/video.webm
    ────────────────────────────────────────────────────────────────────────────────────────────────

  10) [chromium] › e2e/smoke/timer.spec.ts:48:3 › Timer Page - Smoke Tests › should not have console errors 

    [31mTest timeout of 30000ms exceeded while running "beforeEach" hook.[39m

      3 |
      4 | test.describe('Timer Page - Smoke Tests', () => {
    > 5 |   test.beforeEach(async ({ page }) => {
        |        ^
      6 |     // Navigate to the timer page
      7 |     await page.goto('/timer');
      8 |   });
        at /Users/hughgramelspacher/repos/ambira-main/ambira-web/e2e/smoke/timer.spec.ts:5:8

    Error: page.goto: net::ERR_ABORTED; maybe frame was detached?
    Call log:
    [2m  - navigating to "http://localhost:3000/timer", waiting until "load"[22m


       5 |   test.beforeEach(async ({ page }) => {
       6 |     // Navigate to the timer page
    >  7 |     await page.goto('/timer');
         |                ^
       8 |   });
       9 |
      10 |   test('should load the timer page successfully', async ({ page }) => {
        at /Users/hughgramelspacher/repos/ambira-main/ambira-web/e2e/smoke/timer.spec.ts:7:16

    attachment #1: video (video/webm) ──────────────────────────────────────────────────────────────
    test-results/smoke-timer-Timer-Page---S-cc6c0-uld-not-have-console-errors-chromium/video.webm
    ────────────────────────────────────────────────────────────────────────────────────────────────

  11) [chromium] › e2e/smoke/timer.spec.ts:73:3 › Timer Page - Smoke Tests › should pass accessibility audit 

    [31mTest timeout of 30000ms exceeded while running "beforeEach" hook.[39m

      3 |
      4 | test.describe('Timer Page - Smoke Tests', () => {
    > 5 |   test.beforeEach(async ({ page }) => {
        |        ^
      6 |     // Navigate to the timer page
      7 |     await page.goto('/timer');
      8 |   });
        at /Users/hughgramelspacher/repos/ambira-main/ambira-web/e2e/smoke/timer.spec.ts:5:8

    Error: page.goto: net::ERR_ABORTED; maybe frame was detached?
    Call log:
    [2m  - navigating to "http://localhost:3000/timer", waiting until "load"[22m


       5 |   test.beforeEach(async ({ page }) => {
       6 |     // Navigate to the timer page
    >  7 |     await page.goto('/timer');
         |                ^
       8 |   });
       9 |
      10 |   test('should load the timer page successfully', async ({ page }) => {
        at /Users/hughgramelspacher/repos/ambira-main/ambira-web/e2e/smoke/timer.spec.ts:7:16

    attachment #1: video (video/webm) ──────────────────────────────────────────────────────────────
    test-results/smoke-timer-Timer-Page---S-9aa5c-ld-pass-accessibility-audit-chromium/video.webm
    ────────────────────────────────────────────────────────────────────────────────────────────────

  12) [chromium] › e2e/smoke/timer.spec.ts:92:3 › Timer Page - Smoke Tests › should be responsive on mobile viewport 

    [31mTest timeout of 30000ms exceeded while running "beforeEach" hook.[39m

      3 |
      4 | test.describe('Timer Page - Smoke Tests', () => {
    > 5 |   test.beforeEach(async ({ page }) => {
        |        ^
      6 |     // Navigate to the timer page
      7 |     await page.goto('/timer');
      8 |   });
        at /Users/hughgramelspacher/repos/ambira-main/ambira-web/e2e/smoke/timer.spec.ts:5:8

    Error: page.goto: Test timeout of 30000ms exceeded.
    Call log:
    [2m  - navigating to "http://localhost:3000/timer", waiting until "load"[22m


       5 |   test.beforeEach(async ({ page }) => {
       6 |     // Navigate to the timer page
    >  7 |     await page.goto('/timer');
         |                ^
       8 |   });
       9 |
      10 |   test('should load the timer page successfully', async ({ page }) => {
        at /Users/hughgramelspacher/repos/ambira-main/ambira-web/e2e/smoke/timer.spec.ts:7:16

  13) [chromium] › e2e/smoke/timer.spec.ts:114:3 › Timer Page - Smoke Tests › should have working keyboard navigation 

    [31mTest timeout of 30000ms exceeded while running "beforeEach" hook.[39m

      3 |
      4 | test.describe('Timer Page - Smoke Tests', () => {
    > 5 |   test.beforeEach(async ({ page }) => {
        |        ^
      6 |     // Navigate to the timer page
      7 |     await page.goto('/timer');
      8 |   });
        at /Users/hughgramelspacher/repos/ambira-main/ambira-web/e2e/smoke/timer.spec.ts:5:8

    Error: page.goto: Test timeout of 30000ms exceeded.
    Call log:
    [2m  - navigating to "http://localhost:3000/timer", waiting until "load"[22m


       5 |   test.beforeEach(async ({ page }) => {
       6 |     // Navigate to the timer page
    >  7 |     await page.goto('/timer');
         |                ^
       8 |   });
       9 |
      10 |   test('should load the timer page successfully', async ({ page }) => {
        at /Users/hughgramelspacher/repos/ambira-main/ambira-web/e2e/smoke/timer.spec.ts:7:16

    attachment #1: screenshot (image/png) ──────────────────────────────────────────────────────────
    test-results/smoke-timer-Timer-Page---S-c9ad6-working-keyboard-navigation-chromium/test-failed-1.png
    ────────────────────────────────────────────────────────────────────────────────────────────────

  14) [chromium] › e2e/smoke/timer.spec.ts:130:3 › Timer Page - Smoke Tests › should display timer controls when authenticated 

    [31mTest timeout of 30000ms exceeded while running "beforeEach" hook.[39m

      3 |
      4 | test.describe('Timer Page - Smoke Tests', () => {
    > 5 |   test.beforeEach(async ({ page }) => {
        |        ^
      6 |     // Navigate to the timer page
      7 |     await page.goto('/timer');
      8 |   });
        at /Users/hughgramelspacher/repos/ambira-main/ambira-web/e2e/smoke/timer.spec.ts:5:8

    Error: page.goto: Test timeout of 30000ms exceeded.
    Call log:
    [2m  - navigating to "http://localhost:3000/timer", waiting until "load"[22m


       5 |   test.beforeEach(async ({ page }) => {
       6 |     // Navigate to the timer page
    >  7 |     await page.goto('/timer');
         |                ^
       8 |   });
       9 |
      10 |   test('should load the timer page successfully', async ({ page }) => {
        at /Users/hughgramelspacher/repos/ambira-main/ambira-web/e2e/smoke/timer.spec.ts:7:16

    attachment #1: screenshot (image/png) ──────────────────────────────────────────────────────────
    test-results/smoke-timer-Timer-Page---S-a2f08-controls-when-authenticated-chromium/test-failed-1.png
    ────────────────────────────────────────────────────────────────────────────────────────────────

  15) [mobile-chrome] › e2e/smoke/auth.spec.ts:12:5 › Authentication Pages - Smoke Tests › Login Page › should load authentication interface 

    [31mTest timeout of 30000ms exceeded while running "beforeEach" hook.[39m

      4 | test.describe('Authentication Pages - Smoke Tests', () => {
      5 |   test.describe('Login Page', () => {
    > 6 |     test.beforeEach(async ({ page }) => {
        |          ^
      7 |       // Navigate to the login page (assuming it's at /login or root redirects)
      8 |       await page.goto('/');
      9 |       await page.waitForLoadState('domcontentloaded');
        at /Users/hughgramelspacher/repos/ambira-main/ambira-web/e2e/smoke/auth.spec.ts:6:10

    Error: page.goto: Test timeout of 30000ms exceeded.
    Call log:
    [2m  - navigating to "http://localhost:3000/", waiting until "load"[22m


       6 |     test.beforeEach(async ({ page }) => {
       7 |       // Navigate to the login page (assuming it's at /login or root redirects)
    >  8 |       await page.goto('/');
         |                  ^
       9 |       await page.waitForLoadState('domcontentloaded');
      10 |     });
      11 |
        at /Users/hughgramelspacher/repos/ambira-main/ambira-web/e2e/smoke/auth.spec.ts:8:18

    attachment #1: screenshot (image/png) ──────────────────────────────────────────────────────────
    test-results/smoke-auth-Authentication--6855b-ad-authentication-interface-mobile-chrome/test-failed-1.png
    ────────────────────────────────────────────────────────────────────────────────────────────────

    Error Context: test-results/smoke-auth-Authentication--6855b-ad-authentication-interface-mobile-chrome/error-context.md

  16) [mobile-chrome] › e2e/smoke/auth.spec.ts:25:5 › Authentication Pages - Smoke Tests › Login Page › should display authentication elements 

    [31mTest timeout of 30000ms exceeded while running "beforeEach" hook.[39m

      4 | test.describe('Authentication Pages - Smoke Tests', () => {
      5 |   test.describe('Login Page', () => {
    > 6 |     test.beforeEach(async ({ page }) => {
        |          ^
      7 |       // Navigate to the login page (assuming it's at /login or root redirects)
      8 |       await page.goto('/');
      9 |       await page.waitForLoadState('domcontentloaded');
        at /Users/hughgramelspacher/repos/ambira-main/ambira-web/e2e/smoke/auth.spec.ts:6:10

    Error: page.goto: Test timeout of 30000ms exceeded.
    Call log:
    [2m  - navigating to "http://localhost:3000/", waiting until "load"[22m


       6 |     test.beforeEach(async ({ page }) => {
       7 |       // Navigate to the login page (assuming it's at /login or root redirects)
    >  8 |       await page.goto('/');
         |                  ^
       9 |       await page.waitForLoadState('domcontentloaded');
      10 |     });
      11 |
        at /Users/hughgramelspacher/repos/ambira-main/ambira-web/e2e/smoke/auth.spec.ts:8:18

    attachment #1: screenshot (image/png) ──────────────────────────────────────────────────────────
    test-results/smoke-auth-Authentication--b85d4-lay-authentication-elements-mobile-chrome/test-failed-1.png
    ────────────────────────────────────────────────────────────────────────────────────────────────

    Error Context: test-results/smoke-auth-Authentication--b85d4-lay-authentication-elements-mobile-chrome/error-context.md

  17) [mobile-chrome] › e2e/smoke/auth.spec.ts:39:5 › Authentication Pages - Smoke Tests › Login Page › should have proper page structure 

    Error: [2mexpect([22m[31mreceived[39m[2m).[22mtoBeGreaterThan[2m([22m[32mexpected[39m[2m)[22m

    Expected: > [32m0[39m
    Received:   [31m0[39m

      43 |       const contentElements = page.locator('main, form, [role="main"], [role="form"]');
      44 |       const count = await contentElements.count();
    > 45 |       expect(count).toBeGreaterThan(0);
         |                     ^
      46 |     });
      47 |
      48 |     test('should not have console errors on load', async ({ page }) => {
        at /Users/hughgramelspacher/repos/ambira-main/ambira-web/e2e/smoke/auth.spec.ts:45:21

    attachment #1: screenshot (image/png) ──────────────────────────────────────────────────────────
    test-results/smoke-auth-Authentication--fe18e--have-proper-page-structure-mobile-chrome/test-failed-1.png
    ────────────────────────────────────────────────────────────────────────────────────────────────

    Error Context: test-results/smoke-auth-Authentication--fe18e--have-proper-page-structure-mobile-chrome/error-context.md

  18) [mobile-chrome] › e2e/smoke/auth.spec.ts:48:5 › Authentication Pages - Smoke Tests › Login Page › should not have console errors on load 

    [31mTest timeout of 30000ms exceeded.[39m

    Error: page.goto: Test timeout of 30000ms exceeded.
    Call log:
    [2m  - navigating to "http://localhost:3000/", waiting until "load"[22m


      57 |
      58 |       // Load the page
    > 59 |       await page.goto('/');
         |                  ^
      60 |       await page.waitForLoadState('networkidle');
      61 |
      62 |       // Filter out known/expected errors
        at /Users/hughgramelspacher/repos/ambira-main/ambira-web/e2e/smoke/auth.spec.ts:59:18

  19) [mobile-chrome] › e2e/smoke/auth.spec.ts:74:5 › Authentication Pages - Smoke Tests › Login Page › should pass accessibility audit 

    [31mTest timeout of 30000ms exceeded while running "beforeEach" hook.[39m

      4 | test.describe('Authentication Pages - Smoke Tests', () => {
      5 |   test.describe('Login Page', () => {
    > 6 |     test.beforeEach(async ({ page }) => {
        |          ^
      7 |       // Navigate to the login page (assuming it's at /login or root redirects)
      8 |       await page.goto('/');
      9 |       await page.waitForLoadState('domcontentloaded');
        at /Users/hughgramelspacher/repos/ambira-main/ambira-web/e2e/smoke/auth.spec.ts:6:10

    Error: page.goto: Test timeout of 30000ms exceeded.
    Call log:
    [2m  - navigating to "http://localhost:3000/", waiting until "load"[22m


       6 |     test.beforeEach(async ({ page }) => {
       7 |       // Navigate to the login page (assuming it's at /login or root redirects)
    >  8 |       await page.goto('/');
         |                  ^
       9 |       await page.waitForLoadState('domcontentloaded');
      10 |     });
      11 |
        at /Users/hughgramelspacher/repos/ambira-main/ambira-web/e2e/smoke/auth.spec.ts:8:18

    attachment #1: screenshot (image/png) ──────────────────────────────────────────────────────────
    test-results/smoke-auth-Authentication--8a740-ld-pass-accessibility-audit-mobile-chrome/test-failed-1.png
    ────────────────────────────────────────────────────────────────────────────────────────────────

    attachment #2: video (video/webm) ──────────────────────────────────────────────────────────────
    test-results/smoke-auth-Authentication--8a740-ld-pass-accessibility-audit-mobile-chrome/video.webm
    ────────────────────────────────────────────────────────────────────────────────────────────────

    Error Context: test-results/smoke-auth-Authentication--8a740-ld-pass-accessibility-audit-mobile-chrome/error-context.md

  20) [mobile-chrome] › e2e/smoke/auth.spec.ts:93:5 › Authentication Pages - Smoke Tests › Login Page › should be responsive on mobile viewport 

    [31mTest timeout of 30000ms exceeded while running "beforeEach" hook.[39m

      4 | test.describe('Authentication Pages - Smoke Tests', () => {
      5 |   test.describe('Login Page', () => {
    > 6 |     test.beforeEach(async ({ page }) => {
        |          ^
      7 |       // Navigate to the login page (assuming it's at /login or root redirects)
      8 |       await page.goto('/');
      9 |       await page.waitForLoadState('domcontentloaded');
        at /Users/hughgramelspacher/repos/ambira-main/ambira-web/e2e/smoke/auth.spec.ts:6:10

    Error: page.goto: Test timeout of 30000ms exceeded.
    Call log:
    [2m  - navigating to "http://localhost:3000/", waiting until "load"[22m


       6 |     test.beforeEach(async ({ page }) => {
       7 |       // Navigate to the login page (assuming it's at /login or root redirects)
    >  8 |       await page.goto('/');
         |                  ^
       9 |       await page.waitForLoadState('domcontentloaded');
      10 |     });
      11 |
        at /Users/hughgramelspacher/repos/ambira-main/ambira-web/e2e/smoke/auth.spec.ts:8:18

    attachment #1: screenshot (image/png) ──────────────────────────────────────────────────────────
    test-results/smoke-auth-Authentication--6223a-sponsive-on-mobile-viewport-mobile-chrome/test-failed-1.png
    ────────────────────────────────────────────────────────────────────────────────────────────────

    attachment #2: video (video/webm) ──────────────────────────────────────────────────────────────
    test-results/smoke-auth-Authentication--6223a-sponsive-on-mobile-viewport-mobile-chrome/video.webm
    ────────────────────────────────────────────────────────────────────────────────────────────────

    Error Context: test-results/smoke-auth-Authentication--6223a-sponsive-on-mobile-viewport-mobile-chrome/error-context.md

  21) [mobile-chrome] › e2e/smoke/auth.spec.ts:112:5 › Authentication Pages - Smoke Tests › Login Page › should have working keyboard navigation 

    [31mTest timeout of 30000ms exceeded while running "beforeEach" hook.[39m

      4 | test.describe('Authentication Pages - Smoke Tests', () => {
      5 |   test.describe('Login Page', () => {
    > 6 |     test.beforeEach(async ({ page }) => {
        |          ^
      7 |       // Navigate to the login page (assuming it's at /login or root redirects)
      8 |       await page.goto('/');
      9 |       await page.waitForLoadState('domcontentloaded');
        at /Users/hughgramelspacher/repos/ambira-main/ambira-web/e2e/smoke/auth.spec.ts:6:10

    Error: page.goto: Test timeout of 30000ms exceeded.
    Call log:
    [2m  - navigating to "http://localhost:3000/", waiting until "load"[22m


       6 |     test.beforeEach(async ({ page }) => {
       7 |       // Navigate to the login page (assuming it's at /login or root redirects)
    >  8 |       await page.goto('/');
         |                  ^
       9 |       await page.waitForLoadState('domcontentloaded');
      10 |     });
      11 |
        at /Users/hughgramelspacher/repos/ambira-main/ambira-web/e2e/smoke/auth.spec.ts:8:18

    attachment #1: screenshot (image/png) ──────────────────────────────────────────────────────────
    test-results/smoke-auth-Authentication--bd64f-working-keyboard-navigation-mobile-chrome/test-failed-1.png
    ────────────────────────────────────────────────────────────────────────────────────────────────

    attachment #2: video (video/webm) ──────────────────────────────────────────────────────────────
    test-results/smoke-auth-Authentication--bd64f-working-keyboard-navigation-mobile-chrome/video.webm
    ────────────────────────────────────────────────────────────────────────────────────────────────

    Error Context: test-results/smoke-auth-Authentication--bd64f-working-keyboard-navigation-mobile-chrome/error-context.md

  22) [mobile-chrome] › e2e/smoke/auth.spec.ts:128:5 › Authentication Pages - Smoke Tests › Login Page › should handle form validation gracefully 

    [31mTest timeout of 30000ms exceeded while running "beforeEach" hook.[39m

      4 | test.describe('Authentication Pages - Smoke Tests', () => {
      5 |   test.describe('Login Page', () => {
    > 6 |     test.beforeEach(async ({ page }) => {
        |          ^
      7 |       // Navigate to the login page (assuming it's at /login or root redirects)
      8 |       await page.goto('/');
      9 |       await page.waitForLoadState('domcontentloaded');
        at /Users/hughgramelspacher/repos/ambira-main/ambira-web/e2e/smoke/auth.spec.ts:6:10

    Error: page.goto: Test timeout of 30000ms exceeded.
    Call log:
    [2m  - navigating to "http://localhost:3000/", waiting until "load"[22m


       6 |     test.beforeEach(async ({ page }) => {
       7 |       // Navigate to the login page (assuming it's at /login or root redirects)
    >  8 |       await page.goto('/');
         |                  ^
       9 |       await page.waitForLoadState('domcontentloaded');
      10 |     });
      11 |
        at /Users/hughgramelspacher/repos/ambira-main/ambira-web/e2e/smoke/auth.spec.ts:8:18

    attachment #1: screenshot (image/png) ──────────────────────────────────────────────────────────
    test-results/smoke-auth-Authentication--8a252--form-validation-gracefully-mobile-chrome/test-failed-1.png
    ────────────────────────────────────────────────────────────────────────────────────────────────

    attachment #2: video (video/webm) ──────────────────────────────────────────────────────────────
    test-results/smoke-auth-Authentication--8a252--form-validation-gracefully-mobile-chrome/video.webm
    ────────────────────────────────────────────────────────────────────────────────────────────────

    Error Context: test-results/smoke-auth-Authentication--8a252--form-validation-gracefully-mobile-chrome/error-context.md

  23) [mobile-chrome] › e2e/smoke/auth.spec.ts:175:5 › Authentication Pages - Smoke Tests › Protected Routes › should handle unauthenticated access appropriately 

    [31mTest timeout of 30000ms exceeded.[39m

    Error: page.waitForLoadState: Test timeout of 30000ms exceeded.

      179 |       for (const route of protectedRoutes) {
      180 |         await page.goto(route);
    > 181 |         await page.waitForLoadState('networkidle');
          |                    ^
      182 |
      183 |         // The page should either:
      184 |         // 1. Redirect to login
        at /Users/hughgramelspacher/repos/ambira-main/ambira-web/e2e/smoke/auth.spec.ts:181:20

    attachment #1: screenshot (image/png) ──────────────────────────────────────────────────────────
    test-results/smoke-auth-Authentication--b93d4-icated-access-appropriately-mobile-chrome/test-failed-1.png
    ────────────────────────────────────────────────────────────────────────────────────────────────

    attachment #2: video (video/webm) ──────────────────────────────────────────────────────────────
    test-results/smoke-auth-Authentication--b93d4-icated-access-appropriately-mobile-chrome/video.webm
    ────────────────────────────────────────────────────────────────────────────────────────────────

    Error Context: test-results/smoke-auth-Authentication--b93d4-icated-access-appropriately-mobile-chrome/error-context.md

  24) [mobile-chrome] › e2e/smoke/feed.spec.ts:10:3 › Feed Page - Smoke Tests › should load the feed page successfully 

    [31mTest timeout of 30000ms exceeded while running "beforeEach" hook.[39m

      3 |
      4 | test.describe('Feed Page - Smoke Tests', () => {
    > 5 |   test.beforeEach(async ({ page }) => {
        |        ^
      6 |     // Navigate to the feed page
      7 |     await page.goto('/');
      8 |   });
        at /Users/hughgramelspacher/repos/ambira-main/ambira-web/e2e/smoke/feed.spec.ts:5:8

    Error: page.goto: Test timeout of 30000ms exceeded.
    Call log:
    [2m  - navigating to "http://localhost:3000/", waiting until "load"[22m


       5 |   test.beforeEach(async ({ page }) => {
       6 |     // Navigate to the feed page
    >  7 |     await page.goto('/');
         |                ^
       8 |   });
       9 |
      10 |   test('should load the feed page successfully', async ({ page }) => {
        at /Users/hughgramelspacher/repos/ambira-main/ambira-web/e2e/smoke/feed.spec.ts:7:16

    attachment #1: screenshot (image/png) ──────────────────────────────────────────────────────────
    test-results/smoke-feed-Feed-Page---Smo-df6eb--the-feed-page-successfully-mobile-chrome/test-failed-1.png
    ────────────────────────────────────────────────────────────────────────────────────────────────

    attachment #2: video (video/webm) ──────────────────────────────────────────────────────────────
    test-results/smoke-feed-Feed-Page---Smo-df6eb--the-feed-page-successfully-mobile-chrome/video.webm
    ────────────────────────────────────────────────────────────────────────────────────────────────

    Error Context: test-results/smoke-feed-Feed-Page---Smo-df6eb--the-feed-page-successfully-mobile-chrome/error-context.md

  25) [mobile-chrome] › e2e/smoke/feed.spec.ts:20:3 › Feed Page - Smoke Tests › should display main navigation elements 

    [31mTest timeout of 30000ms exceeded while running "beforeEach" hook.[39m

      3 |
      4 | test.describe('Feed Page - Smoke Tests', () => {
    > 5 |   test.beforeEach(async ({ page }) => {
        |        ^
      6 |     // Navigate to the feed page
      7 |     await page.goto('/');
      8 |   });
        at /Users/hughgramelspacher/repos/ambira-main/ambira-web/e2e/smoke/feed.spec.ts:5:8

    Error: page.goto: Test timeout of 30000ms exceeded.
    Call log:
    [2m  - navigating to "http://localhost:3000/", waiting until "load"[22m


       5 |   test.beforeEach(async ({ page }) => {
       6 |     // Navigate to the feed page
    >  7 |     await page.goto('/');
         |                ^
       8 |   });
       9 |
      10 |   test('should load the feed page successfully', async ({ page }) => {
        at /Users/hughgramelspacher/repos/ambira-main/ambira-web/e2e/smoke/feed.spec.ts:7:16

  26) [mobile-chrome] › e2e/smoke/feed.spec.ts:29:3 › Feed Page - Smoke Tests › should have proper page structure 

    [31mTest timeout of 30000ms exceeded while running "beforeEach" hook.[39m

      3 |
      4 | test.describe('Feed Page - Smoke Tests', () => {
    > 5 |   test.beforeEach(async ({ page }) => {
        |        ^
      6 |     // Navigate to the feed page
      7 |     await page.goto('/');
      8 |   });
        at /Users/hughgramelspacher/repos/ambira-main/ambira-web/e2e/smoke/feed.spec.ts:5:8

    Error: page.goto: Test timeout of 30000ms exceeded.
    Call log:
    [2m  - navigating to "http://localhost:3000/", waiting until "load"[22m


       5 |   test.beforeEach(async ({ page }) => {
       6 |     // Navigate to the feed page
    >  7 |     await page.goto('/');
         |                ^
       8 |   });
       9 |
      10 |   test('should load the feed page successfully', async ({ page }) => {
        at /Users/hughgramelspacher/repos/ambira-main/ambira-web/e2e/smoke/feed.spec.ts:7:16

  27) [mobile-chrome] › e2e/smoke/feed.spec.ts:43:3 › Feed Page - Smoke Tests › should not have console errors 

    [31mTest timeout of 30000ms exceeded while running "beforeEach" hook.[39m

      3 |
      4 | test.describe('Feed Page - Smoke Tests', () => {
    > 5 |   test.beforeEach(async ({ page }) => {
        |        ^
      6 |     // Navigate to the feed page
      7 |     await page.goto('/');
      8 |   });
        at /Users/hughgramelspacher/repos/ambira-main/ambira-web/e2e/smoke/feed.spec.ts:5:8

    Error: page.goto: Test timeout of 30000ms exceeded.
    Call log:
    [2m  - navigating to "http://localhost:3000/", waiting until "load"[22m


       5 |   test.beforeEach(async ({ page }) => {
       6 |     // Navigate to the feed page
    >  7 |     await page.goto('/');
         |                ^
       8 |   });
       9 |
      10 |   test('should load the feed page successfully', async ({ page }) => {
        at /Users/hughgramelspacher/repos/ambira-main/ambira-web/e2e/smoke/feed.spec.ts:7:16

  28) [mobile-chrome] › e2e/smoke/feed.spec.ts:68:3 › Feed Page - Smoke Tests › should pass accessibility audit 

    [31mTest timeout of 30000ms exceeded while running "beforeEach" hook.[39m

      3 |
      4 | test.describe('Feed Page - Smoke Tests', () => {
    > 5 |   test.beforeEach(async ({ page }) => {
        |        ^
      6 |     // Navigate to the feed page
      7 |     await page.goto('/');
      8 |   });
        at /Users/hughgramelspacher/repos/ambira-main/ambira-web/e2e/smoke/feed.spec.ts:5:8

    Error: page.goto: Test timeout of 30000ms exceeded.
    Call log:
    [2m  - navigating to "http://localhost:3000/", waiting until "load"[22m


       5 |   test.beforeEach(async ({ page }) => {
       6 |     // Navigate to the feed page
    >  7 |     await page.goto('/');
         |                ^
       8 |   });
       9 |
      10 |   test('should load the feed page successfully', async ({ page }) => {
        at /Users/hughgramelspacher/repos/ambira-main/ambira-web/e2e/smoke/feed.spec.ts:7:16

    attachment #1: screenshot (image/png) ──────────────────────────────────────────────────────────
    test-results/smoke-feed-Feed-Page---Smo-6a3e2-ld-pass-accessibility-audit-mobile-chrome/test-failed-1.png
    ────────────────────────────────────────────────────────────────────────────────────────────────

    Error Context: test-results/smoke-feed-Feed-Page---Smo-6a3e2-ld-pass-accessibility-audit-mobile-chrome/error-context.md

  29) [mobile-chrome] › e2e/smoke/feed.spec.ts:87:3 › Feed Page - Smoke Tests › should be responsive on mobile viewport 

    [31mTest timeout of 30000ms exceeded while running "beforeEach" hook.[39m

      3 |
      4 | test.describe('Feed Page - Smoke Tests', () => {
    > 5 |   test.beforeEach(async ({ page }) => {
        |        ^
      6 |     // Navigate to the feed page
      7 |     await page.goto('/');
      8 |   });
        at /Users/hughgramelspacher/repos/ambira-main/ambira-web/e2e/smoke/feed.spec.ts:5:8

    Error: page.goto: Test timeout of 30000ms exceeded.
    Call log:
    [2m  - navigating to "http://localhost:3000/", waiting until "load"[22m


       5 |   test.beforeEach(async ({ page }) => {
       6 |     // Navigate to the feed page
    >  7 |     await page.goto('/');
         |                ^
       8 |   });
       9 |
      10 |   test('should load the feed page successfully', async ({ page }) => {
        at /Users/hughgramelspacher/repos/ambira-main/ambira-web/e2e/smoke/feed.spec.ts:7:16

  30) [mobile-chrome] › e2e/smoke/feed.spec.ts:109:3 › Feed Page - Smoke Tests › should have working keyboard navigation 

    [31mTest timeout of 30000ms exceeded while running "beforeEach" hook.[39m

      3 |
      4 | test.describe('Feed Page - Smoke Tests', () => {
    > 5 |   test.beforeEach(async ({ page }) => {
        |        ^
      6 |     // Navigate to the feed page
      7 |     await page.goto('/');
      8 |   });
        at /Users/hughgramelspacher/repos/ambira-main/ambira-web/e2e/smoke/feed.spec.ts:5:8

    Error: page.goto: Test timeout of 30000ms exceeded.
    Call log:
    [2m  - navigating to "http://localhost:3000/", waiting until "load"[22m


       5 |   test.beforeEach(async ({ page }) => {
       6 |     // Navigate to the feed page
    >  7 |     await page.goto('/');
         |                ^
       8 |   });
       9 |
      10 |   test('should load the feed page successfully', async ({ page }) => {
        at /Users/hughgramelspacher/repos/ambira-main/ambira-web/e2e/smoke/feed.spec.ts:7:16

  31) [mobile-chrome] › e2e/smoke/timer.spec.ts:10:3 › Timer Page - Smoke Tests › should load the timer page successfully 

    [31mTest timeout of 30000ms exceeded while running "beforeEach" hook.[39m

      3 |
      4 | test.describe('Timer Page - Smoke Tests', () => {
    > 5 |   test.beforeEach(async ({ page }) => {
        |        ^
      6 |     // Navigate to the timer page
      7 |     await page.goto('/timer');
      8 |   });
        at /Users/hughgramelspacher/repos/ambira-main/ambira-web/e2e/smoke/timer.spec.ts:5:8

    Error: page.goto: Test timeout of 30000ms exceeded.
    Call log:
    [2m  - navigating to "http://localhost:3000/timer", waiting until "load"[22m


       5 |   test.beforeEach(async ({ page }) => {
       6 |     // Navigate to the timer page
    >  7 |     await page.goto('/timer');
         |                ^
       8 |   });
       9 |
      10 |   test('should load the timer page successfully', async ({ page }) => {
        at /Users/hughgramelspacher/repos/ambira-main/ambira-web/e2e/smoke/timer.spec.ts:7:16

  32) [mobile-chrome] › e2e/smoke/timer.spec.ts:20:3 › Timer Page - Smoke Tests › should display timer interface 

    [31mTest timeout of 30000ms exceeded while running "beforeEach" hook.[39m

      3 |
      4 | test.describe('Timer Page - Smoke Tests', () => {
    > 5 |   test.beforeEach(async ({ page }) => {
        |        ^
      6 |     // Navigate to the timer page
      7 |     await page.goto('/timer');
      8 |   });
        at /Users/hughgramelspacher/repos/ambira-main/ambira-web/e2e/smoke/timer.spec.ts:5:8

    Error: page.goto: Test timeout of 30000ms exceeded.
    Call log:
    [2m  - navigating to "http://localhost:3000/timer", waiting until "load"[22m


       5 |   test.beforeEach(async ({ page }) => {
       6 |     // Navigate to the timer page
    >  7 |     await page.goto('/timer');
         |                ^
       8 |   });
       9 |
      10 |   test('should load the timer page successfully', async ({ page }) => {
        at /Users/hughgramelspacher/repos/ambira-main/ambira-web/e2e/smoke/timer.spec.ts:7:16

    attachment #1: video (video/webm) ──────────────────────────────────────────────────────────────
    test-results/smoke-timer-Timer-Page---S-d7369-uld-display-timer-interface-mobile-chrome/video.webm
    ────────────────────────────────────────────────────────────────────────────────────────────────

  33) [mobile-chrome] › e2e/smoke/timer.spec.ts:34:3 › Timer Page - Smoke Tests › should have proper page structure 

    [31mTest timeout of 30000ms exceeded while running "beforeEach" hook.[39m

      3 |
      4 | test.describe('Timer Page - Smoke Tests', () => {
    > 5 |   test.beforeEach(async ({ page }) => {
        |        ^
      6 |     // Navigate to the timer page
      7 |     await page.goto('/timer');
      8 |   });
        at /Users/hughgramelspacher/repos/ambira-main/ambira-web/e2e/smoke/timer.spec.ts:5:8

    Error: page.goto: Test timeout of 30000ms exceeded.
    Call log:
    [2m  - navigating to "http://localhost:3000/timer", waiting until "load"[22m


       5 |   test.beforeEach(async ({ page }) => {
       6 |     // Navigate to the timer page
    >  7 |     await page.goto('/timer');
         |                ^
       8 |   });
       9 |
      10 |   test('should load the timer page successfully', async ({ page }) => {
        at /Users/hughgramelspacher/repos/ambira-main/ambira-web/e2e/smoke/timer.spec.ts:7:16

    attachment #1: video (video/webm) ──────────────────────────────────────────────────────────────
    test-results/smoke-timer-Timer-Page---S-c5c29--have-proper-page-structure-mobile-chrome/video.webm
    ────────────────────────────────────────────────────────────────────────────────────────────────

  34) [mobile-chrome] › e2e/smoke/timer.spec.ts:48:3 › Timer Page - Smoke Tests › should not have console errors 

    [31mTest timeout of 30000ms exceeded while running "beforeEach" hook.[39m

      3 |
      4 | test.describe('Timer Page - Smoke Tests', () => {
    > 5 |   test.beforeEach(async ({ page }) => {
        |        ^
      6 |     // Navigate to the timer page
      7 |     await page.goto('/timer');
      8 |   });
        at /Users/hughgramelspacher/repos/ambira-main/ambira-web/e2e/smoke/timer.spec.ts:5:8

    Error: page.goto: Test timeout of 30000ms exceeded.
    Call log:
    [2m  - navigating to "http://localhost:3000/timer", waiting until "load"[22m


       5 |   test.beforeEach(async ({ page }) => {
       6 |     // Navigate to the timer page
    >  7 |     await page.goto('/timer');
         |                ^
       8 |   });
       9 |
      10 |   test('should load the timer page successfully', async ({ page }) => {
        at /Users/hughgramelspacher/repos/ambira-main/ambira-web/e2e/smoke/timer.spec.ts:7:16

    attachment #1: video (video/webm) ──────────────────────────────────────────────────────────────
    test-results/smoke-timer-Timer-Page---S-cc6c0-uld-not-have-console-errors-mobile-chrome/video.webm
    ────────────────────────────────────────────────────────────────────────────────────────────────

  35) [mobile-chrome] › e2e/smoke/timer.spec.ts:73:3 › Timer Page - Smoke Tests › should pass accessibility audit 

    [31mTest timeout of 30000ms exceeded while running "beforeEach" hook.[39m

      3 |
      4 | test.describe('Timer Page - Smoke Tests', () => {
    > 5 |   test.beforeEach(async ({ page }) => {
        |        ^
      6 |     // Navigate to the timer page
      7 |     await page.goto('/timer');
      8 |   });
        at /Users/hughgramelspacher/repos/ambira-main/ambira-web/e2e/smoke/timer.spec.ts:5:8

    Error: page.goto: Test timeout of 30000ms exceeded.
    Call log:
    [2m  - navigating to "http://localhost:3000/timer", waiting until "load"[22m


       5 |   test.beforeEach(async ({ page }) => {
       6 |     // Navigate to the timer page
    >  7 |     await page.goto('/timer');
         |                ^
       8 |   });
       9 |
      10 |   test('should load the timer page successfully', async ({ page }) => {
        at /Users/hughgramelspacher/repos/ambira-main/ambira-web/e2e/smoke/timer.spec.ts:7:16

    attachment #1: video (video/webm) ──────────────────────────────────────────────────────────────
    test-results/smoke-timer-Timer-Page---S-9aa5c-ld-pass-accessibility-audit-mobile-chrome/video.webm
    ────────────────────────────────────────────────────────────────────────────────────────────────

  36) [mobile-chrome] › e2e/smoke/timer.spec.ts:92:3 › Timer Page - Smoke Tests › should be responsive on mobile viewport 

    [31mTest timeout of 30000ms exceeded while running "beforeEach" hook.[39m

      3 |
      4 | test.describe('Timer Page - Smoke Tests', () => {
    > 5 |   test.beforeEach(async ({ page }) => {
        |        ^
      6 |     // Navigate to the timer page
      7 |     await page.goto('/timer');
      8 |   });
        at /Users/hughgramelspacher/repos/ambira-main/ambira-web/e2e/smoke/timer.spec.ts:5:8

    Error: page.goto: Test timeout of 30000ms exceeded.
    Call log:
    [2m  - navigating to "http://localhost:3000/timer", waiting until "load"[22m


       5 |   test.beforeEach(async ({ page }) => {
       6 |     // Navigate to the timer page
    >  7 |     await page.goto('/timer');
         |                ^
       8 |   });
       9 |
      10 |   test('should load the timer page successfully', async ({ page }) => {
        at /Users/hughgramelspacher/repos/ambira-main/ambira-web/e2e/smoke/timer.spec.ts:7:16

    attachment #1: video (video/webm) ──────────────────────────────────────────────────────────────
    test-results/smoke-timer-Timer-Page---S-7a4ae-sponsive-on-mobile-viewport-mobile-chrome/video.webm
    ────────────────────────────────────────────────────────────────────────────────────────────────

  37) [mobile-chrome] › e2e/smoke/timer.spec.ts:114:3 › Timer Page - Smoke Tests › should have working keyboard navigation 

    [31mTest timeout of 30000ms exceeded while running "beforeEach" hook.[39m

      3 |
      4 | test.describe('Timer Page - Smoke Tests', () => {
    > 5 |   test.beforeEach(async ({ page }) => {
        |        ^
      6 |     // Navigate to the timer page
      7 |     await page.goto('/timer');
      8 |   });
        at /Users/hughgramelspacher/repos/ambira-main/ambira-web/e2e/smoke/timer.spec.ts:5:8

    Error: page.goto: Test timeout of 30000ms exceeded.
    Call log:
    [2m  - navigating to "http://localhost:3000/timer", waiting until "load"[22m


       5 |   test.beforeEach(async ({ page }) => {
       6 |     // Navigate to the timer page
    >  7 |     await page.goto('/timer');
         |                ^
       8 |   });
       9 |
      10 |   test('should load the timer page successfully', async ({ page }) => {
        at /Users/hughgramelspacher/repos/ambira-main/ambira-web/e2e/smoke/timer.spec.ts:7:16

    attachment #1: video (video/webm) ──────────────────────────────────────────────────────────────
    test-results/smoke-timer-Timer-Page---S-c9ad6-working-keyboard-navigation-mobile-chrome/video.webm
    ────────────────────────────────────────────────────────────────────────────────────────────────

  38) [mobile-chrome] › e2e/smoke/timer.spec.ts:130:3 › Timer Page - Smoke Tests › should display timer controls when authenticated 

    [31mTest timeout of 30000ms exceeded while running "beforeEach" hook.[39m

      3 |
      4 | test.describe('Timer Page - Smoke Tests', () => {
    > 5 |   test.beforeEach(async ({ page }) => {
        |        ^
      6 |     // Navigate to the timer page
      7 |     await page.goto('/timer');
      8 |   });
        at /Users/hughgramelspacher/repos/ambira-main/ambira-web/e2e/smoke/timer.spec.ts:5:8

    Error: page.goto: Test timeout of 30000ms exceeded.
    Call log:
    [2m  - navigating to "http://localhost:3000/timer", waiting until "load"[22m


       5 |   test.beforeEach(async ({ page }) => {
       6 |     // Navigate to the timer page
    >  7 |     await page.goto('/timer');
         |                ^
       8 |   });
       9 |
      10 |   test('should load the timer page successfully', async ({ page }) => {
        at /Users/hughgramelspacher/repos/ambira-main/ambira-web/e2e/smoke/timer.spec.ts:7:16

    attachment #1: screenshot (image/png) ──────────────────────────────────────────────────────────
    test-results/smoke-timer-Timer-Page---S-a2f08-controls-when-authenticated-mobile-chrome/test-failed-1.png
    ────────────────────────────────────────────────────────────────────────────────────────────────

    attachment #2: video (video/webm) ──────────────────────────────────────────────────────────────
    test-results/smoke-timer-Timer-Page---S-a2f08-controls-when-authenticated-mobile-chrome/video.webm
    ────────────────────────────────────────────────────────────────────────────────────────────────

    Error Context: test-results/smoke-timer-Timer-Page---S-a2f08-controls-when-authenticated-mobile-chrome/error-context.md

  38 failed
    [chromium] › e2e/smoke/auth.spec.ts:39:5 › Authentication Pages - Smoke Tests › Login Page › should have proper page structure 
    [chromium] › e2e/smoke/auth.spec.ts:74:5 › Authentication Pages - Smoke Tests › Login Page › should pass accessibility audit 
    [chromium] › e2e/smoke/auth.spec.ts:175:5 › Authentication Pages - Smoke Tests › Protected Routes › should handle unauthenticated access appropriately 
    [chromium] › e2e/smoke/feed.spec.ts:29:3 › Feed Page - Smoke Tests › should have proper page structure 
    [chromium] › e2e/smoke/feed.spec.ts:43:3 › Feed Page - Smoke Tests › should not have console errors 
    [chromium] › e2e/smoke/feed.spec.ts:68:3 › Feed Page - Smoke Tests › should pass accessibility audit 
    [chromium] › e2e/smoke/feed.spec.ts:87:3 › Feed Page - Smoke Tests › should be responsive on mobile viewport 
    [chromium] › e2e/smoke/timer.spec.ts:10:3 › Timer Page - Smoke Tests › should load the timer page successfully 
    [chromium] › e2e/smoke/timer.spec.ts:34:3 › Timer Page - Smoke Tests › should have proper page structure 
    [chromium] › e2e/smoke/timer.spec.ts:48:3 › Timer Page - Smoke Tests › should not have console errors 
    [chromium] › e2e/smoke/timer.spec.ts:73:3 › Timer Page - Smoke Tests › should pass accessibility audit 
    [chromium] › e2e/smoke/timer.spec.ts:92:3 › Timer Page - Smoke Tests › should be responsive on mobile viewport 
    [chromium] › e2e/smoke/timer.spec.ts:114:3 › Timer Page - Smoke Tests › should have working keyboard navigation 
    [chromium] › e2e/smoke/timer.spec.ts:130:3 › Timer Page - Smoke Tests › should display timer controls when authenticated 
    [mobile-chrome] › e2e/smoke/auth.spec.ts:12:5 › Authentication Pages - Smoke Tests › Login Page › should load authentication interface 
    [mobile-chrome] › e2e/smoke/auth.spec.ts:25:5 › Authentication Pages - Smoke Tests › Login Page › should display authentication elements 
    [mobile-chrome] › e2e/smoke/auth.spec.ts:39:5 › Authentication Pages - Smoke Tests › Login Page › should have proper page structure 
    [mobile-chrome] › e2e/smoke/auth.spec.ts:48:5 › Authentication Pages - Smoke Tests › Login Page › should not have console errors on load 
    [mobile-chrome] › e2e/smoke/auth.spec.ts:74:5 › Authentication Pages - Smoke Tests › Login Page › should pass accessibility audit 
    [mobile-chrome] › e2e/smoke/auth.spec.ts:93:5 › Authentication Pages - Smoke Tests › Login Page › should be responsive on mobile viewport 
    [mobile-chrome] › e2e/smoke/auth.spec.ts:112:5 › Authentication Pages - Smoke Tests › Login Page › should have working keyboard navigation 
    [mobile-chrome] › e2e/smoke/auth.spec.ts:128:5 › Authentication Pages - Smoke Tests › Login Page › should handle form validation gracefully 
    [mobile-chrome] › e2e/smoke/auth.spec.ts:175:5 › Authentication Pages - Smoke Tests › Protected Routes › should handle unauthenticated access appropriately 
    [mobile-chrome] › e2e/smoke/feed.spec.ts:10:3 › Feed Page - Smoke Tests › should load the feed page successfully 
    [mobile-chrome] › e2e/smoke/feed.spec.ts:20:3 › Feed Page - Smoke Tests › should display main navigation elements 
    [mobile-chrome] › e2e/smoke/feed.spec.ts:29:3 › Feed Page - Smoke Tests › should have proper page structure 
    [mobile-chrome] › e2e/smoke/feed.spec.ts:43:3 › Feed Page - Smoke Tests › should not have console errors 
    [mobile-chrome] › e2e/smoke/feed.spec.ts:68:3 › Feed Page - Smoke Tests › should pass accessibility audit 
    [mobile-chrome] › e2e/smoke/feed.spec.ts:87:3 › Feed Page - Smoke Tests › should be responsive on mobile viewport 
    [mobile-chrome] › e2e/smoke/feed.spec.ts:109:3 › Feed Page - Smoke Tests › should have working keyboard navigation 
    [mobile-chrome] › e2e/smoke/timer.spec.ts:10:3 › Timer Page - Smoke Tests › should load the timer page successfully 
    [mobile-chrome] › e2e/smoke/timer.spec.ts:20:3 › Timer Page - Smoke Tests › should display timer interface 
    [mobile-chrome] › e2e/smoke/timer.spec.ts:34:3 › Timer Page - Smoke Tests › should have proper page structure 
    [mobile-chrome] › e2e/smoke/timer.spec.ts:48:3 › Timer Page - Smoke Tests › should not have console errors 
    [mobile-chrome] › e2e/smoke/timer.spec.ts:73:3 › Timer Page - Smoke Tests › should pass accessibility audit 
    [mobile-chrome] › e2e/smoke/timer.spec.ts:92:3 › Timer Page - Smoke Tests › should be responsive on mobile viewport 
    [mobile-chrome] › e2e/smoke/timer.spec.ts:114:3 › Timer Page - Smoke Tests › should have working keyboard navigation 
    [mobile-chrome] › e2e/smoke/timer.spec.ts:130:3 › Timer Page - Smoke Tests › should display timer controls when authenticated 
  10 passed (3.3m)

[36m  Serving HTML report at http://localhost:59197. Press Ctrl+C to quit.[39m
